// Jest Snapshot v1, https://goo.gl/fbAQLP

exports[`scrollTo() with FlatList supports vertical drag scroll: scrollTo({ y: 100 }) 1`] = `
[
  {
    "name": "scrollBeginDrag",
    "payload": {
      "nativeEvent": {
        "contentInset": {
          "bottom": 0,
          "left": 0,
          "right": 0,
          "top": 0,
        },
        "contentOffset": {
          "x": 0,
          "y": 0,
        },
        "contentSize": {
          "height": 0,
          "width": 0,
        },
        "layoutMeasurement": {
          "height": 0,
          "width": 0,
        },
        "responderIgnoreScroll": true,
        "target": 0,
        "velocity": {
          "x": 0,
          "y": 0,
        },
      },
    },
  },
  {
    "name": "scroll",
    "payload": {
      "nativeEvent": {
        "contentInset": {
          "bottom": 0,
          "left": 0,
          "right": 0,
          "top": 0,
        },
        "contentOffset": {
          "x": 0,
          "y": 25,
        },
        "contentSize": {
          "height": 0,
          "width": 0,
        },
        "layoutMeasurement": {
          "height": 0,
          "width": 0,
        },
        "responderIgnoreScroll": true,
        "target": 0,
        "velocity": {
          "x": 0,
          "y": 0,
        },
      },
    },
  },
  {
    "name": "scroll",
    "payload": {
      "nativeEvent": {
        "contentInset": {
          "bottom": 0,
          "left": 0,
          "right": 0,
          "top": 0,
        },
        "contentOffset": {
          "x": 0,
          "y": 50,
        },
        "contentSize": {
          "height": 0,
          "width": 0,
        },
        "layoutMeasurement": {
          "height": 0,
          "width": 0,
        },
        "responderIgnoreScroll": true,
        "target": 0,
        "velocity": {
          "x": 0,
          "y": 0,
        },
      },
    },
  },
  {
    "name": "scroll",
    "payload": {
      "nativeEvent": {
        "contentInset": {
          "bottom": 0,
          "left": 0,
          "right": 0,
          "top": 0,
        },
        "contentOffset": {
          "x": 0,
          "y": 75,
        },
        "contentSize": {
          "height": 0,
          "width": 0,
        },
        "layoutMeasurement": {
          "height": 0,
          "width": 0,
        },
        "responderIgnoreScroll": true,
        "target": 0,
        "velocity": {
          "x": 0,
          "y": 0,
        },
      },
    },
  },
  {
    "name": "scrollEndDrag",
    "payload": {
      "nativeEvent": {
        "contentInset": {
          "bottom": 0,
          "left": 0,
          "right": 0,
          "top": 0,
        },
        "contentOffset": {
          "x": 0,
          "y": 100,
        },
        "contentSize": {
          "height": 0,
          "width": 0,
        },
        "layoutMeasurement": {
          "height": 0,
          "width": 0,
        },
        "responderIgnoreScroll": true,
        "target": 0,
        "velocity": {
          "x": 0,
          "y": 0,
        },
      },
    },
  },
]
`;
